// Jest Snapshot v1, https://goo.gl/fbAQLP

exports[`Test <HomeScreen /> should show snapshot correctly 1`] = `
<div>
  <h1>
    HomeScreen
  </h1>
  <hr />
  <pre>
    {
   "user": "Saulo",
   "email": "saulo@email.com"
}
  </pre>
</div>
`;
