// Jest Snapshot v1, https://goo.gl/fbAQLP

exports[`Test "RealExamplesRef.js"  should show correct snapshot 1`] = `
<div>
  <h1>
    RealExampleRef
  </h1>
  <hr />
  <button
    className="btn btn-primary"
    onClick={[Function]}
  >
    Show/Hide
  </button>
</div>
`;
