// Jest Snapshot v1, https://goo.gl/fbAQLP

exports[`Test "HookApp.js" should show correctly snapshot 1`] = `
<div>
  <h1>
    HookApp
  </h1>
</div>
`;
