// Jest Snapshot v1, https://goo.gl/fbAQLP

exports[`Test "MultipleCustomHooks.js" should show correct snapshot 1`] = `
<Fragment>
  <h1>
     Breaking Bad Quotes 
  </h1>
  <hr />
  <div
    className="alert alert-info text-center"
  >
    Loading...
  </div>
</Fragment>
`;
