// Jest Snapshot v1, https://goo.gl/fbAQLP

exports[`Test <TodoListItem /> should show correctly 1`] = `
<li
  className="list-group-item"
  key="1"
>
  <p
    className=" false "
    onClick={[Function]}
  >
    2
    . 
    Lear React
  </p>
  <button
    className="btn btn-danger"
    onClick={[Function]}
  >
    Borrar
  </button>
</li>
`;
